python : Creating test 
database for alias 
'default'...
At line:1 char:1
+ python manage.py 
test apps.sales.tests 
> test_output.txt 2>&1
+ ~~~~~~~~~~~~~~~~~~~~~
~~~~~~~~~~~~~~~~~~~~~~~
~~~~~~~~~~~~~~~~~
    + CategoryInfo     
         : NotSpecifi  
  ed: (Creating test   
  d...as 'default'.    
..:String) [], Rem    
oteException
    + FullyQualifiedEr 
   rorId : NativeComm  
  andError
 

EE
=======================
=======================
=======================
=
ERROR: 
test_overall_discount (
apps.sales.tests.SalesC
alculationTest.test_ove
rall_discount)
\u0627\u062e\u062a\u062
8\u0627\u0631 \u0627\u0
644\u062e\u0635\u0645 \
u0627\u0644\u0639\u0627
\u0645 
\u0639\u0644\u0649 \u06
27\u0644\u0641\u0627\u0
62a\u0648\u0631\u0629 \
u0628\u0627\u0644\u0643
\u0627\u0645\u0644
-----------------------
-----------------------
-----------------------
-
Traceback (most recent 
call last):
  File "C:\Users\Mahmou
d\AppData\Roaming\Pytho
n\Python313\site-packag
es\django\db\backends\u
tils.py", line 105, in 
_execute
    return self.cursor.
execute(sql, params)
           ~~~~~~~~~~~~
~~~~~~~^^^^^^^^^^^^^
psycopg2.errors.Undefin
edColumn: column "total
_amount_before_discount
" of relation "sales_sa
lestransaction" does 
not exist
LINE 1: 
...action_date", 
"customer_id", 
"payment_method_id", 
"total_amo...
                       
                       
               ^


The above exception 
was the direct cause 
of the following 
exception:

Traceback (most recent 
call last):
  File "D:\erp\1\backen
d\apps\sales\tests.py",
 line 78, in 
test_overall_discount
    transaction = Sales
Transaction.objects.cre
ate(
        payment_method=
self.pay_method,
        overall_discoun
t_percentage=Decimal('2
0') # 
\u062e\u0635\u0645 20% 
\u0639\u0644\u0649 \u06
27\u0644\u0643\u0644
    )
  File "C:\Users\Mahmou
d\AppData\Roaming\Pytho
n\Python313\site-packag
es\django\db\models\man
ager.py", line 87, in 
manager_method
    return getattr(self
.get_queryset(), 
name)(*args, **kwargs)
           ~~~~~~~~~~~~
~~~~~~~~~~~~~~~~~~~~~~^
^^^^^^^^^^^^^^^^
  File "C:\Users\Mahmou
d\AppData\Roaming\Pytho
n\Python313\site-packag
es\django\db\models\que
ry.py", line 669, in 
create
    obj.save(force_inse
rt=True, using=self.db)
    ~~~~~~~~^^^^^^^^^^^
^^^^^^^^^^^^^^^^^^^^^^^
  File "C:\Users\Mahmou
d\AppData\Roaming\Pytho
n\Python313\site-packag
es\django\db\models\bas
e.py", line 874, in 
save
    self.save_base(
    ~~~~~~~~~~~~~~^
        using=using,
        ^^^^^^^^^^^^
    ...<2 lines>...
        update_fields=u
pdate_fields,
        ^^^^^^^^^^^^^^^
^^^^^^^^^^^^^
    )
    ^
  File "C:\Users\Mahmou
d\AppData\Roaming\Pytho
n\Python313\site-packag
es\django\db\models\bas
e.py", line 966, in 
save_base
    updated = 
self._save_table(
        raw,
    ...<4 lines>...
        update_fields,
    )
  File "C:\Users\Mahmou
d\AppData\Roaming\Pytho
n\Python313\site-packag
es\django\db\models\bas
e.py", line 1169, in 
_save_table
    results = 
self._do_insert(
        
cls._base_manager, 
using, insert_fields, 
returning_fields, raw
    )
  File "C:\Users\Mahmou
d\AppData\Roaming\Pytho
n\Python313\site-packag
es\django\db\models\bas
e.py", line 1220, in 
_do_insert
    return 
manager._insert(
           
~~~~~~~~~~~~~~~^
        [self],
        ^^^^^^^
    ...<3 lines>...
        raw=raw,
        ^^^^^^^^
    )
    ^
  File "C:\Users\Mahmou
d\AppData\Roaming\Pytho
n\Python313\site-packag
es\django\db\models\man
ager.py", line 87, in 
manager_method
    return getattr(self
.get_queryset(), 
name)(*args, **kwargs)
           ~~~~~~~~~~~~
~~~~~~~~~~~~~~~~~~~~~~^
^^^^^^^^^^^^^^^^
  File "C:\Users\Mahmou
d\AppData\Roaming\Pytho
n\Python313\site-packag
es\django\db\models\que
ry.py", line 1918, in 
_insert
    return query.get_co
mpiler(using=using).exe
cute_sql(returning_fiel
ds)
           ~~~~~~~~~~~~
~~~~~~~~~~~~~~~~~~~~~~~
~~~~~~~~^^^^^^^^^^^^^^^
^^^
  File "C:\Users\Mahmou
d\AppData\Roaming\Pytho
n\Python313\site-packag
es\django\db\models\sql
\compiler.py", line 
1925, in execute_sql
    
cursor.execute(sql, 
params)
    ~~~~~~~~~~~~~~^^^^^
^^^^^^^^
  File "C:\Users\Mahmou
d\AppData\Roaming\Pytho
n\Python313\site-packag
es\django\db\backends\u
tils.py", line 79, in 
execute
    return self._execut
e_with_wrappers(
           ~~~~~~~~~~~~
~~~~~~~~~~~~~~~^
        sql, params, 
many=False, 
executor=self._execute
        ^^^^^^^^^^^^^^^
^^^^^^^^^^^^^^^^^^^^^^^
^^^^^^^^^
    )
    ^
  File "C:\Users\Mahmou
d\AppData\Roaming\Pytho
n\Python313\site-packag
es\django\db\backends\u
tils.py", line 92, in 
_execute_with_wrappers
    return 
executor(sql, params, 
many, context)
  File "C:\Users\Mahmou
d\AppData\Roaming\Pytho
n\Python313\site-packag
es\django\db\backends\u
tils.py", line 100, in 
_execute
    with self.db.wrap_d
atabase_errors:
         ^^^^^^^^^^^^^^
^^^^^^^^^^^^^^
  File "C:\Users\Mahmou
d\AppData\Roaming\Pytho
n\Python313\site-packag
es\django\db\utils.py",
 line 94, in __exit__
    raise dj_exc_value.
with_traceback(tracebac
k) from exc_value
  File "C:\Users\Mahmou
d\AppData\Roaming\Pytho
n\Python313\site-packag
es\django\db\backends\u
tils.py", line 105, in 
_execute
    return self.cursor.
execute(sql, params)
           ~~~~~~~~~~~~
~~~~~~~^^^^^^^^^^^^^
django.db.utils.Program
mingError: column "tota
l_amount_before_discoun
t" of relation "sales_s
alestransaction" does 
not exist
LINE 1: 
...action_date", 
"customer_id", 
"payment_method_id", 
"total_amo...
                       
                       
               ^


=======================
=======================
=======================
=
ERROR: test_profit_calc
ulation (apps.sales.tes
ts.SalesCalculationTest
.test_profit_calculatio
n)
\u0627\u062e\u062a\u062
8\u0627\u0631 \u0639\u0
645\u0644\u064a\u0629 
\u0628\u064a\u0639 \u06
48\u0627\u062d\u062f\u0
629:
-----------------------
-----------------------
-----------------------
-
Traceback (most recent 
call last):
  File "C:\Users\Mahmou
d\AppData\Roaming\Pytho
n\Python313\site-packag
es\django\db\backends\u
tils.py", line 105, in 
_execute
    return self.cursor.
execute(sql, params)
           ~~~~~~~~~~~~
~~~~~~~^^^^^^^^^^^^^
psycopg2.errors.Undefin
edColumn: column "total
_amount_before_discount
" of relation "sales_sa
lestransaction" does 
not exist
LINE 1: 
...action_date", 
"customer_id", 
"payment_method_id", 
"total_amo...
                       
                       
               ^


The above exception 
was the direct cause 
of the following 
exception:

Traceback (most recent 
call last):
  File "D:\erp\1\backen
d\apps\sales\tests.py",
 line 48, in 
test_profit_calculation
    transaction = Sales
Transaction.objects.cre
ate(
        payment_method=
self.pay_method,
        overall_discoun
t_percentage=Decimal('0
')
    )
  File "C:\Users\Mahmou
d\AppData\Roaming\Pytho
n\Python313\site-packag
es\django\db\models\man
ager.py", line 87, in 
manager_method
    return getattr(self
.get_queryset(), 
name)(*args, **kwargs)
           ~~~~~~~~~~~~
~~~~~~~~~~~~~~~~~~~~~~^
^^^^^^^^^^^^^^^^
  File "C:\Users\Mahmou
d\AppData\Roaming\Pytho
n\Python313\site-packag
es\django\db\models\que
ry.py", line 669, in 
create
    obj.save(force_inse
rt=True, using=self.db)
    ~~~~~~~~^^^^^^^^^^^
^^^^^^^^^^^^^^^^^^^^^^^
  File "C:\Users\Mahmou
d\AppData\Roaming\Pytho
n\Python313\site-packag
es\django\db\models\bas
e.py", line 874, in 
save
    self.save_base(
    ~~~~~~~~~~~~~~^
        using=using,
        ^^^^^^^^^^^^
    ...<2 lines>...
        update_fields=u
pdate_fields,
        ^^^^^^^^^^^^^^^
^^^^^^^^^^^^^
    )
    ^
  File "C:\Users\Mahmou
d\AppData\Roaming\Pytho
n\Python313\site-packag
es\django\db\models\bas
e.py", line 966, in 
save_base
    updated = 
self._save_table(
        raw,
    ...<4 lines>...
        update_fields,
    )
  File "C:\Users\Mahmou
d\AppData\Roaming\Pytho
n\Python313\site-packag
es\django\db\models\bas
e.py", line 1169, in 
_save_table
    results = 
self._do_insert(
        
cls._base_manager, 
using, insert_fields, 
returning_fields, raw
    )
  File "C:\Users\Mahmou
d\AppData\Roaming\Pytho
n\Python313\site-packag
es\django\db\models\bas
e.py", line 1220, in 
_do_insert
    return 
manager._insert(
           
~~~~~~~~~~~~~~~^
        [self],
        ^^^^^^^
    ...<3 lines>...
        raw=raw,
        ^^^^^^^^
    )
    ^
  File "C:\Users\Mahmou
d\AppData\Roaming\Pytho
n\Python313\site-packag
es\django\db\models\man
ager.py", line 87, in 
manager_method
    return getattr(self
.get_queryset(), 
name)(*args, **kwargs)
           ~~~~~~~~~~~~
~~~~~~~~~~~~~~~~~~~~~~^
^^^^^^^^^^^^^^^^
  File "C:\Users\Mahmou
d\AppData\Roaming\Pytho
n\Python313\site-packag
es\django\db\models\que
ry.py", line 1918, in 
_insert
    return query.get_co
mpiler(using=using).exe
cute_sql(returning_fiel
ds)
           ~~~~~~~~~~~~
~~~~~~~~~~~~~~~~~~~~~~~
~~~~~~~~^^^^^^^^^^^^^^^
^^^
  File "C:\Users\Mahmou
d\AppData\Roaming\Pytho
n\Python313\site-packag
es\django\db\models\sql
\compiler.py", line 
1925, in execute_sql
    
cursor.execute(sql, 
params)
    ~~~~~~~~~~~~~~^^^^^
^^^^^^^^
  File "C:\Users\Mahmou
d\AppData\Roaming\Pytho
n\Python313\site-packag
es\django\db\backends\u
tils.py", line 79, in 
execute
    return self._execut
e_with_wrappers(
           ~~~~~~~~~~~~
~~~~~~~~~~~~~~~^
        sql, params, 
many=False, 
executor=self._execute
        ^^^^^^^^^^^^^^^
^^^^^^^^^^^^^^^^^^^^^^^
^^^^^^^^^
    )
    ^
  File "C:\Users\Mahmou
d\AppData\Roaming\Pytho
n\Python313\site-packag
es\django\db\backends\u
tils.py", line 92, in 
_execute_with_wrappers
    return 
executor(sql, params, 
many, context)
  File "C:\Users\Mahmou
d\AppData\Roaming\Pytho
n\Python313\site-packag
es\django\db\backends\u
tils.py", line 100, in 
_execute
    with self.db.wrap_d
atabase_errors:
         ^^^^^^^^^^^^^^
^^^^^^^^^^^^^^
  File "C:\Users\Mahmou
d\AppData\Roaming\Pytho
n\Python313\site-packag
es\django\db\utils.py",
 line 94, in __exit__
    raise dj_exc_value.
with_traceback(tracebac
k) from exc_value
  File "C:\Users\Mahmou
d\AppData\Roaming\Pytho
n\Python313\site-packag
es\django\db\backends\u
tils.py", line 105, in 
_execute
    return self.cursor.
execute(sql, params)
           ~~~~~~~~~~~~
~~~~~~~^^^^^^^^^^^^^
django.db.utils.Program
mingError: column "tota
l_amount_before_discoun
t" of relation "sales_s
alestransaction" does 
not exist
LINE 1: 
...action_date", 
"customer_id", 
"payment_method_id", 
"total_amo...
                       
                       
               ^


-----------------------
-----------------------
-----------------------
-
Ran 2 tests in 0.018s

FAILED (errors=2)
Destroying test 
database for alias 
'default'...

Found 2 test(s).
System check identified no issues (0 silenced).
